\BOOKMARK [0][-]{section*.1}{\376\377\000P\000a\000r\000t\000\040\000I\000\040\040\024\000\040\000P\000r\000e\000l\000i\000m\000i\000n\000a\000r\000i\000e\000s}{}% 1
\BOOKMARK [1][-]{section.1}{\376\377\000F\000o\000r\000m\000a\000l\000i\000t\000i\000e\000s\000:\000\040\000m\000a\000t\000h\000e\000m\000a\000t\000i\000c\000a\000l\000\040\000l\000a\000n\000g\000u\000a\000g\000e}{section*.1}% 2
\BOOKMARK [2][-]{subsection.1.1}{\376\377\000P\000r\000e\000d\000i\000c\000a\000t\000e}{section.1}% 3
\BOOKMARK [2][-]{subsection.1.2}{\376\377\000S\000t\000a\000t\000e\000m\000e\000n\000t}{section.1}% 4
\BOOKMARK [2][-]{subsection.1.3}{\376\377\000U\000n\000i\000v\000e\000r\000s\000a\000l\000\040\000i\000m\000p\000l\000i\000c\000a\000t\000i\000o\000n}{section.1}% 5
\BOOKMARK [2][-]{subsection.1.4}{\376\377\000T\000h\000e\000o\000r\000e\000m}{section.1}% 6
\BOOKMARK [2][-]{subsection.1.5}{\376\377\000L\000a\000w\000\040\000o\000f\000\040\000c\000o\000n\000t\000r\000a\000p\000o\000s\000i\000t\000i\000v\000e\000s}{section.1}% 7
\BOOKMARK [2][-]{subsection.1.6}{\376\377\000P\000r\000o\000o\000f\000\040\000b\000y\000\040\000c\000o\000n\000t\000r\000a\000d\000i\000c\000t\000i\000o\000n}{section.1}% 8
\BOOKMARK [1][-]{section.2}{\376\377\000G\000e\000o\000m\000e\000t\000r\000i\000c\000\040\000p\000r\000o\000g\000r\000e\000s\000s\000i\000o\000n}{section*.1}% 9
\BOOKMARK [2][-]{subsection.2.1}{\376\377\000G\000e\000o\000m\000e\000t\000r\000i\000c\000\040\000s\000u\000m}{section.2}% 10
\BOOKMARK [2][-]{subsection.2.2}{\376\377\000I\000n\000f\000i\000n\000i\000t\000e\000\040\000g\000e\000o\000m\000e\000t\000r\000i\000c\000\040\000s\000e\000r\000i\000e\000s}{section.2}% 11
\BOOKMARK [1][-]{section.3}{\376\377\000B\000i\000n\000o\000m\000i\000a\000l\000\040\000c\000o\000e\000f\000f\000i\000c\000i\000e\000n\000t\000s\000\040\000a\000n\000d\000\040\000N\000e\000w\000t\000o\000n\000'\000s\000\040\000f\000o\000r\000m\000u\000l\000a}{section*.1}% 12
\BOOKMARK [2][-]{subsection.3.1}{\376\377\000B\000i\000n\000o\000m\000i\000a\000l\000\040\000c\000o\000e\000f\000f\000i\000c\000i\000e\000n\000t\000s}{section.3}% 13
\BOOKMARK [2][-]{subsection.3.2}{\376\377\000N\000e\000w\000t\000o\000n\000'\000s\000\040\000b\000i\000n\000o\000m\000i\000a\000l\000\040\000f\000o\000r\000m\000u\000l\000a}{section.3}% 14
\BOOKMARK [2][-]{subsection.3.3}{\376\377\000S\000p\000e\000c\000i\000a\000l\000\040\000c\000a\000s\000e\000s}{section.3}% 15
\BOOKMARK [1][-]{section.4}{\376\377\000F\000i\000e\000l\000d\000s\000\040\000a\000n\000d\000\040\000o\000r\000d\000e\000r\000e\000d\000\040\000f\000i\000e\000l\000d\000s}{section*.1}% 16
\BOOKMARK [2][-]{subsection.4.1}{\376\377\000F\000i\000e\000l\000d\000s}{section.4}% 17
\BOOKMARK [2][-]{subsection.4.2}{\376\377\000R\0001\000:\000\040\000A\000x\000i\000o\000m\000s\000\040\000f\000o\000r\000\040\000a\000d\000d\000i\000t\000i\000o\000n}{section.4}% 18
\BOOKMARK [2][-]{subsection.4.3}{\376\377\000R\0002\000:\000\040\000A\000x\000i\000o\000m\000s\000\040\000f\000o\000r\000\040\000m\000u\000l\000t\000i\000p\000l\000i\000c\000a\000t\000i\000o\000n}{section.4}% 19
\BOOKMARK [2][-]{subsection.4.4}{\376\377\000D\000i\000s\000t\000r\000i\000b\000u\000t\000i\000v\000e\000\040\000l\000a\000w}{section.4}% 20
\BOOKMARK [2][-]{subsection.4.5}{\376\377\000R\0003\000:\000\040\000O\000r\000d\000e\000r\000\040\000r\000e\000l\000a\000t\000i\000o\000n}{section.4}% 21
\BOOKMARK [2][-]{subsection.4.6}{\376\377\000O\000r\000d\000e\000r\000e\000d\000\040\000f\000i\000e\000l\000d\000s}{section.4}% 22
\BOOKMARK [1][-]{section.5}{\376\377\000S\000u\000p\000r\000e\000m\000u\000m\000\040\000a\000n\000d\000\040\000I\000n\000f\000i\000m\000u\000m}{section*.1}% 23
\BOOKMARK [2][-]{subsection.5.1}{\376\377\000U\000p\000p\000e\000r\000\040\000b\000o\000u\000n\000d\000s\000\040\000a\000n\000d\000\040\000s\000u\000p\000r\000e\000m\000u\000m}{section.5}% 24
\BOOKMARK [2][-]{subsection.5.2}{\376\377\000L\000o\000w\000e\000r\000\040\000b\000o\000u\000n\000d\000s\000\040\000a\000n\000d\000\040\000i\000n\000f\000i\000m\000u\000m}{section.5}% 25
\BOOKMARK [2][-]{subsection.5.3}{\376\377\000E\000x\000i\000s\000t\000e\000n\000c\000e\000\040\000i\000n\000\040\000R}{section.5}% 26
\BOOKMARK [2][-]{subsection.5.4}{\376\377\000R\0004\000:\000\040\000S\000u\000p\000r\000e\000m\000u\000m\000\040\000p\000r\000o\000p\000e\000r\000t\000y}{section.5}% 27
\BOOKMARK [2][-]{subsection.5.5}{\376\377\000A\000x\000i\000o\000m\000a\000t\000i\000c\000\040\000d\000e\000f\000i\000n\000i\000t\000i\000o\000n\000\040\000o\000f\000\040\000R}{section.5}% 28
\BOOKMARK [1][-]{section.6}{\376\377\000T\000r\000i\000a\000n\000g\000l\000e\000\040\000i\000n\000e\000q\000u\000a\000l\000i\000t\000y}{section*.1}% 29
\BOOKMARK [2][-]{subsection.6.1}{\376\377\000R\000e\000v\000e\000r\000s\000e\000\040\000t\000r\000i\000a\000n\000g\000l\000e\000\040\000i\000n\000e\000q\000u\000a\000l\000i\000t\000y}{section.6}% 30
\BOOKMARK [2][-]{subsection.6.2}{\376\377\000G\000e\000o\000m\000e\000t\000r\000i\000c\000\040\000i\000n\000t\000e\000r\000p\000r\000e\000t\000a\000t\000i\000o\000n}{section.6}% 31
\BOOKMARK [1][-]{section.7}{\376\377\000P\000r\000i\000n\000c\000i\000p\000l\000e\000\040\000o\000f\000\040\000m\000a\000t\000h\000e\000m\000a\000t\000i\000c\000a\000l\000\040\000i\000n\000d\000u\000c\000t\000i\000o\000n}{section*.1}% 32
\BOOKMARK [2][-]{subsection.7.1}{\376\377\000S\000t\000r\000o\000n\000g\000\040\000i\000n\000d\000u\000c\000t\000i\000o\000n}{section.7}% 33
\BOOKMARK [1][-]{section.8}{\376\377\000C\000o\000m\000p\000l\000e\000x\000\040\000n\000u\000m\000b\000e\000r\000s}{section*.1}% 34
\BOOKMARK [2][-]{subsection.8.1}{\376\377\000M\000o\000d\000u\000l\000u\000s\000\040\000a\000n\000d\000\040\000a\000r\000g\000u\000m\000e\000n\000t}{section.8}% 35
\BOOKMARK [2][-]{subsection.8.2}{\376\377\000T\000r\000i\000g\000o\000n\000o\000m\000e\000t\000r\000i\000c\000\040\000f\000o\000r\000m}{section.8}% 36
\BOOKMARK [2][-]{subsection.8.3}{\376\377\000D\000e\000\040\000M\000o\000i\000v\000r\000e\000'\000s\000\040\000f\000o\000r\000m\000u\000l\000a}{section.8}% 37
\BOOKMARK [2][-]{subsection.8.4}{\376\377\000R\000o\000o\000t\000s}{section.8}% 38
\BOOKMARK [2][-]{subsection.8.5}{\376\377\000n\000-\000t\000h\000\040\000r\000o\000o\000t\000s\000\040\000o\000f\000\040\000a\000\040\000c\000o\000m\000p\000l\000e\000x\000\040\000n\000u\000m\000b\000e\000r}{section.8}% 39
\BOOKMARK [2][-]{subsection.8.6}{\376\377\000F\000u\000n\000d\000a\000m\000e\000n\000t\000a\000l\000\040\000t\000h\000e\000o\000r\000e\000m\000\040\000o\000f\000\040\000a\000l\000g\000e\000b\000r\000a}{section.8}% 40
\BOOKMARK [0][-]{section*.2}{\376\377\000P\000a\000r\000t\000\040\000I\000I\000\040\040\024\000\040\000C\000a\000l\000c\000u\000l\000u\000s}{}% 41
\BOOKMARK [1][-]{section.9}{\376\377\000F\000u\000n\000c\000t\000i\000o\000n\000s\000\040\000o\000f\000\040\000o\000n\000e\000\040\000v\000a\000r\000i\000a\000b\000l\000e}{section*.2}% 42
\BOOKMARK [2][-]{subsection.9.1}{\376\377\000D\000e\000f\000i\000n\000i\000t\000i\000o\000n\000\040\000o\000f\000\040\000a\000\040\000f\000u\000n\000c\000t\000i\000o\000n}{section.9}% 43
\BOOKMARK [2][-]{subsection.9.2}{\376\377\000T\000h\000e\000\040\000C\000a\000r\000t\000e\000s\000i\000a\000n\000\040\000p\000l\000a\000n\000e}{section.9}% 44
\BOOKMARK [2][-]{subsection.9.3}{\376\377\000G\000r\000a\000p\000h\000\040\000o\000f\000\040\000a\000\040\000f\000u\000n\000c\000t\000i\000o\000n}{section.9}% 45
\BOOKMARK [2][-]{subsection.9.4}{\376\377\000T\000r\000i\000g\000o\000n\000o\000m\000e\000t\000r\000i\000c\000\040\000f\000u\000n\000c\000t\000i\000o\000n\000s}{section.9}% 46
\BOOKMARK [2][-]{subsection.9.5}{\376\377\000G\000e\000o\000m\000e\000t\000r\000i\000c\000\040\000r\000e\000p\000r\000e\000s\000e\000n\000t\000a\000t\000i\000o\000n}{section.9}% 47
\BOOKMARK [2][-]{subsection.9.6}{\376\377\000I\000n\000t\000e\000r\000p\000r\000e\000t\000a\000t\000i\000o\000n}{section.9}% 48
\BOOKMARK [2][-]{subsection.9.7}{\376\377\000I\000n\000v\000e\000r\000s\000e\000\040\000f\000u\000n\000c\000t\000i\000o\000n\000s}{section.9}% 49
\BOOKMARK [2][-]{subsection.9.8}{\376\377\000G\000e\000o\000m\000e\000t\000r\000i\000c\000\040\000r\000e\000p\000r\000e\000s\000e\000n\000t\000a\000t\000i\000o\000n}{section.9}% 50
\BOOKMARK [1][-]{section.10}{\376\377\000L\000i\000m\000i\000t\000s\000\040\000a\000n\000d\000\040\000c\000o\000n\000t\000i\000n\000u\000i\000t\000y}{section*.2}% 51
\BOOKMARK [2][-]{subsection.10.1}{\376\377\000S\000e\000q\000u\000e\000n\000c\000e\000s}{section.10}% 52
\BOOKMARK [2][-]{subsection.10.2}{\376\377\000C\000o\000n\000v\000e\000r\000g\000e\000n\000c\000e\000\040\000o\000f\000\040\000a\000\040\000s\000e\000q\000u\000e\000n\000c\000e}{section.10}% 53
\BOOKMARK [2][-]{subsection.10.3}{\376\377\000E\000v\000e\000n\000t\000u\000a\000l\000\040\000b\000e\000h\000a\000v\000i\000o\000u\000r\000\040\000o\000f\000\040\000a\000\040\000s\000e\000q\000u\000e\000n\000c\000e}{section.10}% 54
\BOOKMARK [2][-]{subsection.10.4}{\376\377\000T\000y\000p\000e\000s\000\040\000o\000f\000\040\000b\000e\000h\000a\000v\000i\000o\000u\000r\000\040\000o\000f\000\040\000a\000\040\000s\000e\000q\000u\000e\000n\000c\000e}{section.10}% 55
\BOOKMARK [2][-]{subsection.10.5}{\376\377\000S\000q\000u\000e\000e\000z\000e\000\040\000T\000h\000e\000o\000r\000e\000m}{section.10}% 56
\BOOKMARK [2][-]{subsection.10.6}{\376\377\000T\000h\000e\000\040\000e\000x\000p\000o\000n\000e\000n\000t\000i\000a\000l\000\040\000l\000i\000m\000i\000t\000\040\000a\000n\000d\000\040\000t\000h\000e\000\040\000n\000u\000m\000b\000e\000r\000\040\000e}{section.10}% 57
\BOOKMARK [2][-]{subsection.10.7}{\376\377\000A\000s\000y\000m\000p\000t\000o\000t\000i\000c\000\040\000c\000o\000m\000p\000a\000r\000i\000s\000o\000n\000s\000\040\000a\000n\000d\000\040\000e\000s\000t\000i\000m\000a\000t\000e\000s}{section.10}% 58
\BOOKMARK [2][-]{subsection.10.8}{\376\377\000R\000a\000t\000i\000o\000\040\000T\000e\000s\000t}{section.10}% 59
\BOOKMARK [2][-]{subsection.10.9}{\376\377\000U\000n\000i\000q\000u\000e\000n\000e\000s\000s\000\040\000o\000f\000\040\000t\000h\000e\000\040\000l\000i\000m\000i\000t}{section.10}% 60
\BOOKMARK [2][-]{subsection.10.10}{\376\377\000L\000i\000m\000i\000t\000s\000\040\000o\000f\000\040\000f\000u\000n\000c\000t\000i\000o\000n\000s}{section.10}% 61
\BOOKMARK [2][-]{subsection.10.11}{\376\377\000R\000i\000g\000h\000t\000\040\000a\000n\000d\000\040\000l\000e\000f\000t\000\040\000l\000i\000m\000i\000t\000s\000\040\000o\000f\000\040\000a\000\040\000f\000u\000n\000c\000t\000i\000o\000n}{section.10}% 62
\BOOKMARK [2][-]{subsection.10.12}{\376\377\000E\000x\000i\000s\000t\000e\000n\000c\000e\000\040\000o\000f\000\040\000t\000h\000e\000\040\000l\000i\000m\000i\000t}{section.10}% 63
\BOOKMARK [2][-]{subsection.10.13}{\376\377\000J\000u\000m\000p\000\040\000d\000i\000s\000c\000o\000n\000t\000i\000n\000u\000i\000t\000y}{section.10}% 64
\BOOKMARK [2][-]{subsection.10.14}{\376\377\000N\000e\000i\000g\000h\000b\000o\000u\000r\000h\000o\000o\000d\000\040\000o\000f\000\040\000a\000\040\000p\000o\000i\000n\000t}{section.10}% 65
\BOOKMARK [2][-]{subsection.10.15}{\376\377\000C\000h\000a\000n\000g\000e\000\040\000o\000f\000\040\000v\000a\000r\000i\000a\000b\000l\000e\000\040\000i\000n\000\040\000l\000i\000m\000i\000t\000s}{section.10}% 66
\BOOKMARK [2][-]{subsection.10.16}{\376\377\000C\000o\000n\000t\000i\000n\000u\000i\000t\000y\000\040\000o\000f\000\040\000e\000l\000e\000m\000e\000n\000t\000a\000r\000y\000\040\000f\000u\000n\000c\000t\000i\000o\000n\000s}{section.10}% 67
\BOOKMARK [2][-]{subsection.10.17}{\376\377\000F\000u\000n\000d\000a\000m\000e\000n\000t\000a\000l\000\040\000l\000i\000m\000i\000t\000s}{section.10}% 68
\BOOKMARK [2][-]{subsection.10.18}{\376\377\000T\000h\000e\000o\000r\000e\000m\000\040\000o\000f\000\040\000t\000h\000e\000\040\000z\000e\000r\000o\000s}{section.10}% 69
\BOOKMARK [2][-]{subsection.10.19}{\376\377\000W\000e\000i\000e\000r\000s\000t\000r\000a\000s\000s\000\040\000T\000h\000e\000o\000r\000e\000m}{section.10}% 70
\BOOKMARK [2][-]{subsection.10.20}{\376\377\000I\000n\000t\000e\000r\000m\000e\000d\000i\000a\000t\000e\000\040\000V\000a\000l\000u\000e\000\040\000T\000h\000e\000o\000r\000e\000m}{section.10}% 71
\BOOKMARK [2][-]{subsection.10.21}{\376\377\000E\000x\000i\000s\000t\000e\000n\000c\000e\000\040\000a\000n\000d\000\040\000u\000n\000i\000q\000u\000e\000n\000e\000s\000s\000\040\000o\000f\000\040\000t\000h\000e\000\040\000n\000t\000h\000\040\000r\000o\000o\000t}{section.10}% 72
\BOOKMARK [2][-]{subsection.10.22}{\376\377\000M\000o\000n\000o\000t\000o\000n\000i\000c\000i\000t\000y\000\040\000t\000h\000e\000o\000r\000e\000m\000\040\000f\000o\000r\000\040\000f\000u\000n\000c\000t\000i\000o\000n\000s}{section.10}% 73
\BOOKMARK [1][-]{section.11}{\376\377\000D\000i\000f\000f\000e\000r\000e\000n\000t\000i\000a\000l\000\040\000C\000a\000l\000c\000u\000l\000u\000s}{section*.2}% 74
\BOOKMARK [2][-]{subsection.11.1}{\376\377\000D\000e\000r\000i\000v\000a\000t\000i\000v\000e\000\040\000o\000f\000\040\000a\000\040\000f\000u\000n\000c\000t\000i\000o\000n}{section.11}% 75
\BOOKMARK [2][-]{subsection.11.2}{\376\377\000S\000l\000o\000p\000e\000\040\000a\000n\000d\000\040\000t\000a\000n\000g\000e\000n\000t\000\040\000l\000i\000n\000e}{section.11}% 76
\BOOKMARK [2][-]{subsection.11.3}{\376\377\000C\000o\000r\000n\000e\000r\000\040\000p\000o\000i\000n\000t\000s\000,\000\040\000c\000u\000s\000p\000s\000,\000\040\000a\000n\000d\000\040\000i\000n\000f\000l\000e\000c\000t\000i\000o\000n\000\040\000p\000o\000i\000n\000t\000s}{section.11}% 77
\BOOKMARK [2][-]{subsection.11.4}{\376\377\000D\000e\000r\000i\000v\000a\000t\000i\000v\000e\000\040\000o\000f\000\040\000a\000n\000\040\000i\000n\000v\000e\000r\000s\000e\000\040\000f\000u\000n\000c\000t\000i\000o\000n}{section.11}% 78
\BOOKMARK [2][-]{subsection.11.5}{\376\377\000F\000e\000r\000m\000a\000t\000'\000s\000\040\000t\000h\000e\000o\000r\000e\000m}{section.11}% 79
\BOOKMARK [2][-]{subsection.11.6}{\376\377\000M\000e\000a\000n\000\040\000V\000a\000l\000u\000e\000\040\000T\000h\000e\000o\000r\000e\000m\000\040\000\050\000L\000a\000g\000r\000a\000n\000g\000e\000'\000s\000\040\000t\000h\000e\000o\000r\000e\000m\000\051}{section.11}% 80
\BOOKMARK [2][-]{subsection.11.7}{\376\377\000M\000o\000n\000o\000t\000o\000n\000i\000c\000i\000t\000y\000\040\000t\000e\000s\000t}{section.11}% 81
\BOOKMARK [2][-]{subsection.11.8}{\376\377\000L\000'\000H\000o\000s\000p\000i\000t\000a\000l\000'\000s\000\040\000r\000u\000l\000e}{section.11}% 82
\BOOKMARK [2][-]{subsection.11.9}{\376\377\000L\000i\000m\000i\000t\000\040\000o\000f\000\040\000t\000h\000e\000\040\000d\000e\000r\000i\000v\000a\000t\000i\000v\000e\000\040\000a\000n\000d\000\040\000o\000n\000e\000-\000s\000i\000d\000e\000d\000\040\000d\000i\000f\000f\000e\000r\000e\000n\000t\000i\000a\000b\000i\000l\000i\000t\000y}{section.11}% 83
\BOOKMARK [2][-]{subsection.11.10}{\376\377\000S\000e\000c\000o\000n\000d\000\040\000d\000e\000r\000i\000v\000a\000t\000i\000v\000e}{section.11}% 84
\BOOKMARK [2][-]{subsection.11.11}{\376\377\000C\000o\000n\000t\000i\000n\000u\000i\000t\000y\000\040\000o\000f\000\040\000c\000o\000n\000v\000e\000x\000\040\000a\000n\000d\000\040\000c\000o\000n\000c\000a\000v\000e\000\040\000f\000u\000n\000c\000t\000i\000o\000n\000s}{section.11}% 85
\BOOKMARK [2][-]{subsection.11.12}{\376\377\000C\000o\000n\000v\000e\000x\000i\000t\000y\000\040\000a\000n\000d\000\040\000d\000e\000r\000i\000v\000a\000t\000i\000v\000e\000s}{section.11}% 86
\BOOKMARK [2][-]{subsection.11.13}{\376\377\000C\000o\000n\000v\000e\000x\000i\000t\000y\000\040\000a\000n\000d\000\040\000t\000a\000n\000g\000e\000n\000t\000\040\000l\000i\000n\000e\000s}{section.11}% 87
\BOOKMARK [2][-]{subsection.11.14}{\376\377\000I\000n\000f\000l\000e\000c\000t\000i\000o\000n\000\040\000p\000o\000i\000n\000t\000s\000\040\000a\000n\000d\000\040\000t\000h\000e\000\040\000s\000e\000c\000o\000n\000d\000\040\000d\000e\000r\000i\000v\000a\000t\000i\000v\000e}{section.11}% 88
\BOOKMARK [2][-]{subsection.11.15}{\376\377\000I\000n\000f\000l\000e\000c\000t\000i\000o\000n\000\040\000p\000o\000i\000n\000t\000\040\000a\000n\000d\000\040\000t\000a\000n\000g\000e\000n\000t\000\040\000l\000i\000n\000e}{section.11}% 89
\BOOKMARK [2][-]{subsection.11.16}{\376\377\000L\000i\000t\000t\000l\000e\000-\000o\000\040\000n\000o\000t\000a\000t\000i\000o\000n}{section.11}% 90
\BOOKMARK [2][-]{subsection.11.17}{\376\377\000T\000a\000y\000l\000o\000r\040\023\000M\000a\000c\000l\000a\000u\000r\000i\000n\000\040\000f\000o\000r\000m\000u\000l\000a\000\040\000w\000i\000t\000h\000\040\000P\000e\000a\000n\000o\000\040\000r\000e\000m\000a\000i\000n\000d\000e\000r}{section.11}% 91
\BOOKMARK [2][-]{subsection.11.18}{\376\377\000T\000a\000y\000l\000o\000r\000\040\000f\000o\000r\000m\000u\000l\000a\000\040\000w\000i\000t\000h\000\040\000L\000a\000g\000r\000a\000n\000g\000e\000\040\000r\000e\000m\000a\000i\000n\000d\000e\000r}{section.11}% 92
\BOOKMARK [2][-]{subsection.11.19}{\376\377\000T\000a\000y\000l\000o\000r\000\040\000s\000e\000r\000i\000e\000s\000.\000\040\000C\000o\000m\000p\000l\000e\000x\000\040\000e\000x\000p\000o\000n\000e\000n\000t\000i\000a\000l}{section.11}% 93
\BOOKMARK [3][-]{subsubsection.11.19.1}{\376\377\000C\000o\000m\000p\000l\000e\000x\000\040\000e\000x\000p\000o\000n\000e\000n\000t\000i\000a\000l}{subsection.11.19}% 94
\BOOKMARK [3][-]{subsubsection.11.19.2}{\376\377\000C\000o\000m\000p\000l\000e\000x\000\040\000l\000o\000g\000a\000r\000i\000t\000h\000m}{subsection.11.19}% 95
\BOOKMARK [1][-]{section.12}{\376\377\000S\000e\000r\000i\000e\000s}{section*.2}% 96
\BOOKMARK [2][-]{subsection.12.1}{\376\377\000D\000e\000f\000i\000n\000i\000t\000i\000o\000n}{section.12}% 97
\BOOKMARK [2][-]{subsection.12.2}{\376\377\000C\000o\000n\000v\000e\000r\000g\000e\000n\000c\000e}{section.12}% 98
\BOOKMARK [2][-]{subsection.12.3}{\376\377\000G\000e\000o\000m\000e\000t\000r\000i\000c\000\040\000s\000e\000r\000i\000e\000s}{section.12}% 99
\BOOKMARK [2][-]{subsection.12.4}{\376\377\000N\000e\000c\000e\000s\000s\000a\000r\000y\000\040\000c\000o\000n\000d\000i\000t\000i\000o\000n\000\040\000f\000o\000r\000\040\000c\000o\000n\000v\000e\000r\000g\000e\000n\000c\000e}{section.12}% 100
\BOOKMARK [2][-]{subsection.12.5}{\376\377\000R\000e\000m\000a\000i\000n\000d\000e\000r\000\040\000o\000f\000\040\000a\000\040\000c\000o\000n\000v\000e\000r\000g\000e\000n\000t\000\040\000s\000e\000r\000i\000e\000s}{section.12}% 101
\BOOKMARK [2][-]{subsection.12.6}{\376\377\000G\000e\000n\000e\000r\000a\000l\000i\000z\000e\000d\000\040\000h\000a\000r\000m\000o\000n\000i\000c\000\040\000s\000e\000r\000i\000e\000s}{section.12}% 102
\BOOKMARK [2][-]{subsection.12.7}{\376\377\000C\000r\000i\000t\000e\000r\000i\000a\000\040\000f\000o\000r\000\040\000s\000e\000r\000i\000e\000s\000\040\000w\000i\000t\000h\000\040\000n\000o\000n\000-\000n\000e\000g\000a\000t\000i\000v\000e\000\040\000o\000r\000\040\000n\000o\000n\000-\000p\000o\000s\000i\000t\000i\000v\000e\000\040\000t\000e\000r\000m\000s}{section.12}% 103
\BOOKMARK [3][-]{subsubsection.12.7.1}{\376\377\000R\000o\000o\000t\000\040\000t\000e\000s\000t}{subsection.12.7}% 104
\BOOKMARK [3][-]{subsubsection.12.7.2}{\376\377\000R\000a\000t\000i\000o\000\040\000t\000e\000s\000t}{subsection.12.7}% 105
\BOOKMARK [3][-]{subsubsection.12.7.3}{\376\377\000C\000o\000m\000p\000a\000r\000i\000s\000o\000n\000\040\000t\000e\000s\000t}{subsection.12.7}% 106
\BOOKMARK [2][-]{subsection.12.8}{\376\377\000S\000e\000r\000i\000e\000s\000\040\000w\000i\000t\000h\000\040\000v\000a\000r\000y\000i\000n\000g\000\040\000s\000i\000g\000n\000s}{section.12}% 107
\BOOKMARK [3][-]{subsubsection.12.8.1}{\376\377\000L\000e\000i\000b\000n\000i\000z\000'\000s\000\040\000c\000r\000i\000t\000e\000r\000i\000o\000n}{subsection.12.8}% 108
\BOOKMARK [3][-]{subsubsection.12.8.2}{\376\377\000D\000i\000r\000i\000c\000h\000l\000e\000t\000'\000s\000\040\000c\000r\000i\000t\000e\000r\000i\000o\000n}{subsection.12.8}% 109
\BOOKMARK [1][-]{section.13}{\376\377\000I\000n\000t\000e\000g\000r\000a\000l\000\040\000c\000a\000l\000c\000u\000l\000u\000s\000\040\000f\000o\000r\000\040\000f\000u\000n\000c\000t\000i\000o\000n\000s\000\040\000o\000f\000\040\000o\000n\000e\000\040\000v\000a\000r\000i\000a\000b\000l\000e}{section*.2}% 110
\BOOKMARK [2][-]{subsection.13.1}{\376\377\000C\000a\000u\000c\000h\000y\040\023\000R\000i\000e\000m\000a\000n\000n\000\040\000s\000u\000m\000s}{section.13}% 111
\BOOKMARK [2][-]{subsection.13.2}{\376\377\000C\000l\000a\000s\000s\000e\000s\000\040\000o\000f\000\040\000i\000n\000t\000e\000g\000r\000a\000b\000l\000e\000\040\000f\000u\000n\000c\000t\000i\000o\000n\000s}{section.13}% 112
\BOOKMARK [2][-]{subsection.13.3}{\376\377\000M\000e\000a\000n\000\040\000v\000a\000l\000u\000e\000\040\000t\000h\000e\000o\000r\000e\000m\000\040\000f\000o\000r\000\040\000i\000n\000t\000e\000g\000r\000a\000l\000s}{section.13}% 113
\BOOKMARK [2][-]{subsection.13.4}{\376\377\000F\000u\000n\000d\000a\000m\000e\000n\000t\000a\000l\000\040\000t\000h\000e\000o\000r\000e\000m\000\040\000o\000f\000\040\000c\000a\000l\000c\000u\000l\000u\000s}{section.13}% 114
\BOOKMARK [2][-]{subsection.13.5}{\376\377\000M\000a\000i\000n\000\040\000m\000e\000t\000h\000o\000d\000s\000\040\000o\000f\000\040\000i\000n\000t\000e\000g\000r\000a\000t\000i\000o\000n}{section.13}% 115
\BOOKMARK [3][-]{subsubsection.13.5.1}{\376\377\000L\000i\000n\000e\000a\000r\000i\000t\000y}{subsection.13.5}% 116
\BOOKMARK [3][-]{subsubsection.13.5.2}{\376\377\000I\000m\000m\000e\000d\000i\000a\000t\000e\000\040\000i\000n\000t\000e\000g\000r\000a\000l\000s}{subsection.13.5}% 117
\BOOKMARK [3][-]{subsubsection.13.5.3}{\376\377\000I\000n\000t\000e\000g\000r\000a\000t\000i\000o\000n\000\040\000b\000y\000\040\000p\000a\000r\000t\000s}{subsection.13.5}% 118
\BOOKMARK [3][-]{subsubsection.13.5.4}{\376\377\000S\000u\000b\000s\000t\000i\000t\000u\000t\000i\000o\000n}{subsection.13.5}% 119
\BOOKMARK [2][-]{subsection.13.6}{\376\377\000N\000u\000m\000e\000r\000i\000c\000a\000l\000\040\000c\000a\000l\000c\000u\000l\000a\000t\000i\000o\000n\000\040\000o\000f\000\040\000a\000n\000\040\000i\000n\000t\000e\000g\000r\000a\000l\000:\000\040\000t\000h\000e\000\040\000m\000i\000d\000p\000o\000i\000n\000t\000\040\000r\000u\000l\000e}{section.13}% 120
\BOOKMARK [2][-]{subsection.13.7}{\376\377\000G\000e\000n\000e\000r\000a\000l\000i\000z\000e\000d\000\040\000\050\000i\000m\000p\000r\000o\000p\000e\000r\000\051\000\040\000i\000n\000t\000e\000g\000r\000a\000l\000s}{section.13}% 121
\BOOKMARK [3][-]{subsubsection.13.7.1}{\376\377\000I\000n\000t\000e\000g\000r\000a\000t\000i\000o\000n\000\040\000o\000f\000\040\000u\000n\000b\000o\000u\000n\000d\000e\000d\000\040\000f\000u\000n\000c\000t\000i\000o\000n\000s}{subsection.13.7}% 122
\BOOKMARK [3][-]{subsubsection.13.7.2}{\376\377\000I\000n\000t\000e\000g\000r\000a\000b\000i\000l\000i\000t\000y\000\040\000c\000r\000i\000t\000e\000r\000i\000a\000\040\000a\000t\000\040\000a\000\040\000f\000i\000n\000i\000t\000e\000\040\000p\000o\000i\000n\000t}{subsection.13.7}% 123
\BOOKMARK [3][-]{subsubsection.13.7.3}{\376\377\000I\000n\000t\000e\000g\000r\000a\000t\000i\000o\000n\000\040\000o\000v\000e\000r\000\040\000u\000n\000b\000o\000u\000n\000d\000e\000d\000\040\000i\000n\000t\000e\000r\000v\000a\000l\000s}{subsection.13.7}% 124
\BOOKMARK [3][-]{subsubsection.13.7.4}{\376\377\000I\000n\000t\000e\000g\000r\000a\000b\000i\000l\000i\000t\000y\000\040\000c\000r\000i\000t\000e\000r\000i\000a\000\040\000a\000t\000\040\000i\000n\000f\000i\000n\000i\000t\000y}{subsection.13.7}% 125
\BOOKMARK [2][-]{subsection.13.8}{\376\377\000I\000n\000t\000e\000g\000r\000a\000l\000\040\000f\000u\000n\000c\000t\000i\000o\000n\000s}{section.13}% 126
\BOOKMARK [2][-]{subsection.13.9}{\376\377\000T\000h\000e\000\040\000s\000e\000c\000o\000n\000d\000\040\000f\000u\000n\000d\000a\000m\000e\000n\000t\000a\000l\000\040\000t\000h\000e\000o\000r\000e\000m\000\040\000o\000f\000\040\000c\000a\000l\000c\000u\000l\000u\000s}{section.13}% 127
\BOOKMARK [2][-]{subsection.13.10}{\376\377\000S\000o\000m\000e\000\040\000n\000o\000t\000i\000o\000n\000s\000\040\000o\000n\000\040\000c\000o\000n\000v\000o\000l\000u\000t\000i\000o\000n\000\040\000a\000n\000d\000\040\000l\000i\000n\000e\000a\000r\000\040\000p\000h\000y\000s\000i\000c\000a\000l\000\040\000s\000y\000s\000t\000e\000m\000s}{section.13}% 128
\BOOKMARK [0][-]{section*.3}{\376\377\000P\000a\000r\000t\000\040\000I\000I\000I\000\040\040\024\000\040\000D\000i\000s\000c\000r\000e\000t\000e\000\040\000d\000y\000n\000a\000m\000i\000c\000a\000l\000\040\000s\000y\000s\000t\000e\000m\000s}{}% 129
\BOOKMARK [1][-]{section.14}{\376\377\000D\000i\000s\000c\000r\000e\000t\000e\000\040\000d\000y\000n\000a\000m\000i\000c\000a\000l\000\040\000m\000o\000d\000e\000l\000s}{section*.3}% 130
\BOOKMARK [2][-]{subsection.14.1}{\376\377\000T\000h\000e\000\040\000M\000a\000l\000t\000h\000u\000s\000\040\000m\000o\000d\000e\000l}{section.14}% 131
\BOOKMARK [2][-]{subsection.14.2}{\376\377\000T\000h\000e\000\040\000l\000o\000g\000i\000s\000t\000i\000c\000\040\000m\000o\000d\000e\000l}{section.14}% 132
\BOOKMARK [2][-]{subsection.14.3}{\376\377\000T\000h\000e\000\040\000a\000c\000c\000e\000l\000e\000r\000a\000t\000o\000r\000\040\000m\000o\000d\000e\000l}{section.14}% 133
\BOOKMARK [2][-]{subsection.14.4}{\376\377\000G\000e\000n\000e\000r\000a\000l\000i\000t\000i\000e\000s\000\040\000o\000n\000\040\000d\000i\000f\000f\000e\000r\000e\000n\000c\000e\000\040\000e\000q\000u\000a\000t\000i\000o\000n\000s}{section.14}% 134
\BOOKMARK [2][-]{subsection.14.5}{\376\377\000L\000i\000n\000e\000a\000r\000\040\000f\000i\000r\000s\000t\000-\000o\000r\000d\000e\000r\000\040\000e\000q\000u\000a\000t\000i\000o\000n\000s\000\040\000w\000i\000t\000h\000\040\000c\000o\000n\000s\000t\000a\000n\000t\000\040\000c\000o\000e\000f\000f\000i\000c\000i\000e\000n\000t\000s}{section.14}% 135
\BOOKMARK [2][-]{subsection.14.6}{\376\377\000A\000u\000t\000o\000n\000o\000m\000o\000u\000s\000\040\000n\000o\000n\000-\000l\000i\000n\000e\000a\000r\000\040\000e\000q\000u\000a\000t\000i\000o\000n\000s}{section.14}% 136
\BOOKMARK [2][-]{subsection.14.7}{\376\377\000L\000i\000n\000e\000a\000r\000\040\000s\000e\000c\000o\000n\000d\000-\000o\000r\000d\000e\000r\000\040\000e\000q\000u\000a\000t\000i\000o\000n\000s\000\040\000w\000i\000t\000h\000\040\000c\000o\000n\000s\000t\000a\000n\000t\000\040\000c\000o\000e\000f\000f\000i\000c\000i\000e\000n\000t\000s}{section.14}% 137
\BOOKMARK [2][-]{subsection.14.8}{\376\377\000S\000t\000a\000b\000i\000l\000i\000t\000y\000\040\000o\000f\000\040\000t\000h\000e\000\040\000e\000q\000u\000i\000l\000i\000b\000r\000i\000a}{section.14}% 138
\BOOKMARK [1][-]{section*.4}{\376\377\000S\000u\000m\000m\000a\000r\000y\000\040\000o\000f\000\040\000T\000h\000e\000o\000r\000e\000m\000s}{section*.3}% 139
